
> valorae-proxy@21.12.0 test
> node test/golden.test.js && node test/routes-audit.test.js && node test/scraper-gap.test.js && node test/scraper-supremacy.test.js && node test/v21-5-professional-refinement.test.js && node test/v21-5-1-audit-hardening.test.js && node test/v21-5-2-router-contract.test.js && node test/v21-5-3-scraper-compat-hardening.test.js && node test/v21-5-4-audit-corrections.test.js && node test/v21-5-5-complete-audit-hardening.test.js && node test/v21-5-6-final-review-hardening.test.js && node test/v21-5-7-contract-safety-hardening.test.js && node test/v21-5-8-portfolio-tech-supremacy.test.js && node test/v21-5-9-source-reliability-portfolio.test.js && node test/v21-5-10-launch-readiness.test.js && node test/v21-5-11-final-minute-audit.test.js && node test/v21-5-12-quality-matrix-portfolio-confidence.test.js && node test/v21-5-13-mature-final-release.test.js && node test/scrape-html-cache-key.test.js && node test/scrape-result-cache.test.js && node test/scrape-input-signature.test.js && node test/batch-fetch-grouping.test.js && node test/batch-result-cache.test.js && node test/fast-selectors.test.js && node test/scrape-metrics.test.js && node test/payload-fields-compact.test.js && node test/inflight-dedupe.test.js && node test/chart-series-rich-normalizer.test.js && node test/chart-series-deep-consumer-normalizer.test.js && node test/panel-readiness-v21-12-3.test.js && node test/consumer-diagnostics-v21-12-4.test.js && node test/app-consumer-payload-v21-12-5.test.js && node test/app-render-contract-v21-12-6.test.js && node test/app-data-contract-v21-12-7.test.js && node test/app-sync-envelope-v21-12-8.test.js && node test/app-mobile-snapshot-v21-12-9.test.js && node test/app-response-integrity-v21-12-10.test.js && node test/app-mobile-view-contract-v21-12-11.test.js && node test/field-alias-mobile-compact-v21-12-12.test.js && node test/extraction-precision-v21-11-0.test.js && node test/engine-core-modules-v21-11-1.test.js && node test/engine-performance-precision-v21-11-2.test.js && node test/app-clean-rebuild-v21-12-13.test.js && node test/proxy-server-visual-v21-12-14.test.js && node test/vercel-app-harmony-v21-12-15.test.js && node test/vercel-responsive-dashboard-v21-12-16.test.js && node test/careful-review-vercel-runtime-v21-12-17.test.js && node test/proxy-output-server-page-v21-12-18.test.js && node test/proxy-output-hamburger-pages-v21-12-19.test.js && node test/proxy-output-real-capture-v21-12-20.test.js && node test/proxy-monitor-professional-ui-v21-12-21.test.js && node test/visual-polish-engine-performance-v21-12-22.test.js && node test/engine-assembly-sync-v21-12-23.test.js && node test/engine-ecosystem-surprise-v21-12-24.test.js && node test/launch-hardening-v21-12-25.test.js && node test/personal-maturity-v21-12-26.test.js && node test/investidor10-class-contract-v21-12-27.test.js && node test/engine-performance-maturity-v21-12-28.test.js && node test/operational-resilience-suite-v21-12-29.test.js && node test/final-personal-launch-cleanup-v21-12-30.test.js && node test/monitor-experience-redesign-v21-12-31.test.js && node test/launch-performance-optimizer-v21-12-32.test.js && node test/personal-launch-polish-v21-12-33.test.js && node test/monitor-data-fill-v21-12-35.test.js && node test/monitor-scope-fix-v21-12-36.test.js

Golden tests OK: GARE11 e PETR4 passaram no contrato atual.
Route audit tests OK: headers, erros JSON, métodos e scrapeUrl seguro passaram.
Scraper gap tests OK: calendário B3, rankings e histórico de carteira passaram.
Scraper supremacy audit tests OK: seletores customizados, cache de mercado e auditoria passaram.
v21.5 professional refinement tests OK.
v21.5.1 audit hardening tests OK.
v21.12.0 router/contract tests OK.
v21.12.0 scraper compatibility hardening tests OK.
v21.12.0 audit corrections tests OK.
v21.12.0 complete audit hardening tests OK.
v21.12.0 final review hardening tests OK.
v21.12.0 contract safety hardening tests OK.
v21.12.0 portfolio tech supremacy tests OK.
v21.12.0 source reliability and portfolio intelligence tests OK
v21.12.0 launch readiness tests OK.
v21.12.0 final minute audit tests OK.
v21.12.0 mature final release tests OK.
v21.12.0 mature final release tests OK.
scrape html cache key tests OK.
scrape result cache tests OK.
scrape input signature tests OK.
batch fetch grouping tests OK.
batch result cache tests OK.
fast selector tests OK.
scrape metrics tests OK.
payload compact tests OK.
inflight dedupe tests OK.
chart-series rich normalizer tests OK
chart-series deep consumer normalizer tests OK
panel-readiness-v21-12-3 ok
consumer-diagnostics-v21-12-4 ok
app-consumer-payload-v21-12-5 ok
app-render-contract-v21-12-6 ok
app-data-contract-v21-12-7 ok
app-sync-envelope-v21-12-8 ok
app-mobile-snapshot-v21-12-9 ok
app-response-integrity-v21-12-10 ok
app-mobile-view-contract-v21-12-11 ok
field-alias-mobile-compact-v21-12-12 ok
extraction precision v21.11.0 tests OK.
engine-core-modules-v21-11-1 OK
engine-performance-precision-v21-11-2 OK
node:internal/modules/run_main:123
    triggerUncaughtException(
    ^

AssertionError [ERR_ASSERTION]: index.html e server.html devem ser a mesma experiência
+ actual - expected
... Skipped lines

  '<!doctype html>\n' +
    '<html lang="pt-BR">\n' +
    '<head>\n' +
    '<meta charset="utf-8">\n' +
    '<meta name="viewport" content="width=device-width,initial-scale=1,viewport-fit=cover">\n' +
...
    '<style>\n' +
+   ':root{--bg:#090d0b;--bg2:#0d130f;--surface:#111913;--surface2:#162019;--surface3:#1b261f;--line:#26362d;--line2:#1e2d25;--text:#edf7f0;--muted:#a0aca5;--faint:#718178;--green:#22c77c;--green2:#0d8d5b;--green3:#a7f36f;--warn:#f3c85a;--err:#ff7676;--info:#9bb8ff;--sidebar:268px;--top: 60px;--r:18px;--shadow:0 20px 52px rgba(0,0,0,.32)}*{box-sizing:border-box}html{scroll-behavior:smooth}body{margin:0;min-height:100vh;background:radial-gradient(circle at 10% -10%,rgba(34,199,124,.18),transparent 32%),radial-gradient(circle at 86% 12%,rgba(167,243,111,.07),transparent 28%),linear-gradient(150deg,#070a08,#101711 58%,#080b09);color:var(--text);font-family:Inter,ui-sans-serif,system-ui,-apple-system,Segoe UI,Roboto,Arial,sans-serif;font-size:14px}.top{position:sticky;top:0;z-index:40;height:var(--top);display:flex;align-items:center;gap:12px;padding:0 8px;background:rgba(9,13,11,.84);border-bottom:1px solid var(--line);backdrop-filter:blur(18px)}.hamburger{width:38px;height:38px;border:1px solid var(--line);border-radius:10px;background:var(--surface2);color:var(--text);display:flex;align-items:center;justify-content:center;font-size:20px;cursor:pointer;transition:all 0.25s cubic-bezier(0.16, 1, 0.3, 1)}.hamburger:hover{background:var(--surface3);transform:scale(1.05)}@media(min-width:1061px){.hamburger{display:none}}.brand{display:flex;align-items:center;gap:10px;min-width:0;flex:1}.logo{width:34px;height:34px;border-radius:13px;background:linear-gradient(135deg,#0f3d2e,#23c983 56%,#a7f36f);box-shadow:0 12px 34px rgba(35,201,131,.25);display:grid;place-items:center;color:#05110b;font-weight:950;letter-spacing:-.05em}.brand h1{font-size:14px;margin:0;line-height:1;font-weight:900;white-space:nowrap;overflow:hidden;text-overflow:ellipsis}.brand small{display:block;color:var(--muted);font-size:11px;margin-top:3px;white-space:nowrap}.topActions{margin-left:auto;display:flex;gap:7px;align-items:center}.btn{border:1px solid var(--line);background:var(--surface2);color:var(--text);padding:8px 14px;border-radius:10px;cursor:pointer;font-weight:600;font-size:13px;display:inline-flex;align-items:center;justify-content:center;transition:all 0.25s cubic-bezier(0.16,1,0.3,1);white-space:nowrap}.btn:hover{border-color:rgba(34,199,124,.65);transform:translateY(-2px);box-shadow:0 8px 16px rgba(0,0,0,0.3)}.btn:active{transform:translateY(0)}.btn.primary{background:linear-gradient(135deg,var(--green2),var(--green));color:#04100a;border:0;box-shadow:0 8px 24px rgba(34,199,124,0.3)}.pill,.badge{display:inline-flex;align-items:center;gap:6px;border:1px solid var(--line);border-radius:999px;padding:4px 8px;color:var(--muted);font-size:12px;background:rgba(255,255,255,.035);white-space:nowrap}.ok{color:var(--green)}.warn{color:var(--warn)}.err{color:var(--err)}.info{color:var(--info)}.layout{display:grid;grid-template-columns:var(--sidebar) minmax(0,1fr);min-height:calc(100vh - var(--top))}.drawer{padding:8px;background:var(--bg2);border-right:1px solid var(--line);height:calc(100vh - var(--top));overflow-y:auto;overscroll-behavior:contain;}.drawerHead{border:1px solid var(--line);border-radius:18px;background:linear-gradient(135deg,rgba(34,199,124,.1),rgba(255,255,255,.025));padding:13px;margin-bottom:12px}.drawerHead b{display:block}.drawerHead small{line-height:1.4}.drawer h2{font-size:11px;text-transform:uppercase;letter-spacing:.14em;color:var(--faint);margin:16px 9px 7px}.nav button{width:100%;display:flex;align-items:center;gap:12px;text-align:left;margin:6px 0;padding:12px 14px;border:1px solid transparent;border-radius:14px;font-size:15px;transition:0.2s;color:var(--muted);background:transparent;cursor:pointer}.nav button:hover,.nav button.active{background:linear-gradient(90deg,rgba(34,199,124,.14),rgba(255,255,255,.035));border-color:var(--line);color:var(--text)}.nav .ico{width:24px;text-align:center}.content{padding:12px 6px;min-width:0;max-width:1720px;width:100%;margin:0 auto}.page{display:none;animation:fade .18s ease}.page.active{display:block}@keyframes fade{from{opacity:0;transform:translateY(12px)}} @keyframes slideUp{from{opacity:0;transform:translateY(16px)}to{opacity:1;transform:translateY(0)}} .card, .stage, .explain, .event, .insight, .hero { animation: slideUp 0.6s cubic-bezier(0.16, 1, 0.3, 1) both; } .card:nth-child(1){animation-delay: 0.05s} .card:nth-child(2){animation-delay: 0.1s} .card:nth-child(3){animation-delay: 0.15s} .card:nth-child(4){animation-delay: 0.2s} .event:nth-child(2){animation-delay: 0.05s} .event:nth-child(3){animation-delay: 0.1s} .event:nth-child(4){animation-delay: 0.15s}.hero{border:1px solid var(--line);border-radius:24px;padding:18px;background:linear-gradient(135deg,rgba(34,199,124,.13),rgba(255,255,255,.035));box-shadow:var(--shadow);margin-bottom:12px}.hero.compact{display:grid;grid-template-columns:minmax(0,1fr) auto;gap:14px;align-items:center}.hero h2{margin:0 0 6px;font-size:25px;letter-spacing:-.03em}.hero p{margin:0;color:var(--muted);max-width:960px;line-height:1.55}.pageTools{display:flex;gap:12px;flex-wrap:wrap;justify-content:flex-end}.explain-grid{display:grid;grid-template-columns:repeat(2,minmax(0,1fr));gap:10px;margin:12px 0}.explain{border:1px solid var(--line);border-radius:17px;background:rgba(255,255,255,.035);padding:13px}.explain h3,.card h3{margin:0 0 8px;font-size:15px}.explain p{margin:0;color:var(--muted);line-height:1.5}.grid{display:grid;gap:16px}.g2{grid-template-columns:repeat(2,minmax(0,1fr))}.g3{grid-template-columns:repeat(3,minmax(0,1fr))}.g4{grid-template-columns:repeat(4,minmax(0,1fr))}.span2{grid-column:span 2}.card,.stage{transition:transform 0.3s cubic-bezier(0.16, 1, 0.3, 1),box-shadow 0.3s ease;border:1px solid var(--line);border-radius:20px;background:linear-gradient(180deg,var(--surface2),var(--surface));padding:22px;box-shadow:0 12px 28px rgba(0,0,0,.16)}.card:hover,.stage:hover{transform:translateY(-8px);box-shadow:0 24px 48px rgba(0,0,0,0.4);border-color:rgba(34,199,124,0.4);z-index:2;position:relative}.card.soft{background:var(--surface3)}.metric{min-height:160px;display:flex;flex-direction:column;justify-content:center}.k{color:var(--muted);font-size:12px;text-transform:uppercase;letter-spacing:.08em}.v{font-size:32px;font-weight:950;margin-top:12px;margin-bottom:4px;letter-spacing:-.04em}.sub,small{color:var(--muted)}.section{margin-top:12px}.toolbar{display:flex;gap:12px;flex-wrap:wrap;align-items:center;margin:12px 0} .input,select{background:rgba(255,255,255,.05);border:2px solid var(--line);color:var(--text);border-radius:16px;padding:14px 20px;min-height:52px;font-family:inherit;font-size:15px;transition:all 0.2s cubic-bezier(0.16,1,0.3,1);outline:none;width:auto;flex:1;min-width:130px;max-width:100%}.input:focus,select:focus{border-color:var(--green);box-shadow:0 0 0 4px rgba(34,199,124,0.15);background:rgba(0,0,0,0.3)}select{cursor:pointer}.input{min-width:190px}.row{display:flex;align-items:flex-start;justify-content:space-between;gap:12px;border-bottom:1px solid var(--line2);padding:8px 0}.row:last-child{border-bottom:0}.row span{text-align:right;color:var(--muted);overflow-wrap:anywhere}.scroll{overflow:auto}.mono,pre,code{font-family:ui-monospace,SFMono-Regular,Menlo,Consolas,monospace}table{width:100%;border-collapse:collapse;min-width:720px}th,td{text-align:left;border-bottom:1px solid var(--line2);padding:9px;color:var(--muted);vertical-align:top}th{color:var(--text);font-size:12px;text-transform:uppercase;letter-spacing:.06em}canvas{width:100%;height:230px;border:1px solid var(--line);border-radius:16px;background:#0b100d}.feed{display:grid;gap:12px;max-height:650px;overflow:auto;padding-right:3px}.event{border:1px solid var(--line);border-radius:16px;background:var(--surface2);padding:11px;cursor:pointer}.event:hover,.event.sel{border-color:rgba(34,199,124,.72);background:#17231b}.event .meta{display:flex;justify-content:space-between;gap:10px}.event b{color:var(--text)}pre{white-space:pre-wrap;overflow:auto;max-height:560px;background:#060907;border:1px solid var(--line);border-radius:16px;padding:13px;color:#d8efe1}.bar{height:10px;background:#0a100c;border:1px solid var(--line);border-radius:999px;overflow:hidden}.bar i{display:block;height:100%;background:linear-gradient(90deg,var(--green2),var(--green),var(--green3));width:0}.split{display:grid;grid-template-columns:minmax(320px,.9fr) minmax(0,1.35fr);gap:12px}.insightList{display:grid;gap:8px}.insight{border:1px solid var(--line2);border-radius:14px;padding:10px;background:rgba(255,255,255,.025)}.timeline{display:grid;grid-template-columns:repeat(4,1fr);gap:10px}.timeline .stage{text-align:center}.timeline b{display:block;margin-bottom:5px}.chips{display:flex;flex-wrap:wrap;gap:8px}.prompt{position:relative}.copy{position:absolute;right:10px;top:10px;padding:6px 8px;font-size:12px}.notice{position:fixed;right:16px;bottom:16px;z-index:70;max-width:560px;background:#0c120e;border:1px solid var(--line);border-radius:16px;padding:12px;box-shadow:var(--shadow);display:none}.notice.show{display:block}.mobileOverlay{display:none}.hidden{display:none!important}.compat{position:absolute;left:-9999px;width:1px;height:1px;overflow:hidden}.module-node{border-left:2px solid rgba(34,199,124,.45);padding-left:12px;margin:10px 0}@media(max-width:1'... 56070 more characters
-   ':root{--bg:#090d0b;--bg2:#0d130f;--surface:#111913;--surface2:#162019;--surface3:#1b261f;--line:#26362d;--line2:#1e2d25;--text:#edf7f0;--muted:#a0aca5;--faint:#718178;--green:#22c77c;--green2:#0d8d5b;--green3:#a7f36f;--warn:#f3c85a;--err:#ff7676;--info:#9bb8ff;--sidebar:268px;--top: 60px;--r:18px;--shadow:0 20px 52px rgba(0,0,0,.32)}*{box-sizing:border-box}html{scroll-behavior:smooth}body{margin:0;min-height:100vh;background:radial-gradient(circle at 10% -10%,rgba(34,199,124,.18),transparent 32%),radial-gradient(circle at 86% 12%,rgba(167,243,111,.07),transparent 28%),linear-gradient(150deg,#070a08,#101711 58%,#080b09);color:var(--text);font-family:Inter,ui-sans-serif,system-ui,-apple-system,Segoe UI,Roboto,Arial,sans-serif;font-size:14px}.top{position:sticky;top:0;z-index:40;height:var(--top);display:flex;align-items:center;gap:12px;padding:0 8px;background:rgba(9,13,11,.84);border-bottom:1px solid var(--line);backdrop-filter:blur(18px)}.hamburger{width:38px;height:38px;border:1px solid var(--line);border-radius:10px;background:var(--surface2);color:var(--text);display:flex;align-items:center;justify-content:center;font-size:20px;cursor:pointer;transition:all 0.25s cubic-bezier(0.16, 1, 0.3, 1)}.hamburger:hover{background:var(--surface3);transform:scale(1.05)}@media(min-width:1061px){.hamburger{display:none}}.brand{display:flex;align-items:center;gap:10px;min-width:0;flex:1}.logo{width:34px;height:34px;border-radius:13px;background:linear-gradient(135deg,#0f3d2e,#23c983 56%,#a7f36f);box-shadow:0 12px 34px rgba(35,201,131,.25);display:grid;place-items:center;color:#05110b;font-weight:950;letter-spacing:-.05em}.brand h1{font-size:14px;margin:0;line-height:1;font-weight:900;white-space:nowrap;overflow:hidden;text-overflow:ellipsis}.brand small{display:block;color:var(--muted);font-size:11px;margin-top:3px;white-space:nowrap}.topActions{margin-left:auto;display:flex;gap:7px;align-items:center}.btn{border:1px solid var(--line);background:var(--surface2);color:var(--text);padding:8px 14px;border-radius:10px;cursor:pointer;font-weight:600;font-size:13px;display:inline-flex;align-items:center;justify-content:center;transition:all 0.25s cubic-bezier(0.16,1,0.3,1);white-space:nowrap}.btn:hover{border-color:rgba(34,199,124,.65);transform:translateY(-2px);box-shadow:0 8px 16px rgba(0,0,0,0.3)}.btn:active{transform:translateY(0)}.btn.primary{background:linear-gradient(135deg,var(--green2),var(--green));color:#04100a;border:0;box-shadow:0 8px 24px rgba(34,199,124,0.3)}.pill,.badge{display:inline-flex;align-items:center;gap:6px;border:1px solid var(--line);border-radius:999px;padding:4px 8px;color:var(--muted);font-size:12px;background:rgba(255,255,255,.035);white-space:nowrap}.ok{color:var(--green)}.warn{color:var(--warn)}.err{color:var(--err)}.info{color:var(--info)}.layout{display:grid;grid-template-columns:var(--sidebar) minmax(0,1fr);min-height:calc(100vh - var(--top))}.drawer{padding:8px;background:var(--bg2);border-right:1px solid var(--line);height:calc(100vh - var(--top));overflow-y:auto;overscroll-behavior:contain;}.drawerHead{border:1px solid var(--line);border-radius:18px;background:linear-gradient(135deg,rgba(34,199,124,.1),rgba(255,255,255,.025));padding:13px;margin-bottom:12px}.drawerHead b{display:block}.drawerHead small{line-height:1.4}.drawer h2{font-size:11px;text-transform:uppercase;letter-spacing:.14em;color:var(--faint);margin:16px 9px 7px}.nav button{width:100%;display:flex;align-items:center;gap:12px;text-align:left;margin:6px 0;padding:12px 14px;border:1px solid transparent;border-radius:14px;font-size:15px;transition:0.2s;color:var(--muted);background:transparent;cursor:pointer}.nav button:hover,.nav button.active{background:linear-gradient(90deg,rgba(34,199,124,.14),rgba(255,255,255,.035));border-color:var(--line);color:var(--text)}.nav .ico{width:24px;text-align:center}.content{padding:12px 6px;min-width:0;max-width:1720px;width:100%;margin:0 auto}.page{display:none;animation:fade .18s ease}.page.active{display:block}@keyframes fade{from{opacity:0;transform:translateY(12px)}} @keyframes slideUp{from{opacity:0;transform:translateY(16px)}to{opacity:1;transform:translateY(0)}} .card, .stage, .explain, .event, .insight, .hero { animation: slideUp 0.6s cubic-bezier(0.16, 1, 0.3, 1) both; } .card:nth-child(1){animation-delay: 0.05s} .card:nth-child(2){animation-delay: 0.1s} .card:nth-child(3){animation-delay: 0.15s} .card:nth-child(4){animation-delay: 0.2s} .event:nth-child(2){animation-delay: 0.05s} .event:nth-child(3){animation-delay: 0.1s} .event:nth-child(4){animation-delay: 0.15s}.hero{border:1px solid var(--line);border-radius:24px;padding:18px;background:linear-gradient(135deg,rgba(34,199,124,.13),rgba(255,255,255,.035));box-shadow:var(--shadow);margin-bottom:12px}.hero.compact{display:grid;grid-template-columns:minmax(0,1fr) auto;gap:14px;align-items:center}.hero h2{margin:0 0 6px;font-size:25px;letter-spacing:-.03em}.hero p{margin:0;color:var(--muted);max-width:960px;line-height:1.55}.pageTools{display:flex;gap:12px;flex-wrap:wrap;justify-content:flex-end}.explain-grid{display:grid;grid-template-columns:repeat(2,minmax(0,1fr));gap:10px;margin:12px 0}.explain{border:1px solid var(--line);border-radius:17px;background:rgba(255,255,255,.035);padding:13px}.explain h3,.card h3{margin:0 0 8px;font-size:15px}.explain p{margin:0;color:var(--muted);line-height:1.5}.grid{display:grid;gap:16px}.g2{grid-template-columns:repeat(2,minmax(0,1fr))}.g3{grid-template-columns:repeat(3,minmax(0,1fr))}.g4{grid-template-columns:repeat(4,minmax(0,1fr))}.span2{grid-column:span 2}.card,.stage{transition:transform 0.3s cubic-bezier(0.16, 1, 0.3, 1),box-shadow 0.3s ease;border:1px solid var(--line);border-radius:20px;background:linear-gradient(180deg,var(--surface2),var(--surface));padding:22px;box-shadow:0 12px 28px rgba(0,0,0,.16)}.card:hover,.stage:hover{transform:translateY(-8px);box-shadow:0 24px 48px rgba(0,0,0,0.4);border-color:rgba(34,199,124,0.4);z-index:2;position:relative}.card.soft{background:var(--surface3)}.metric{min-height:160px;display:flex;flex-direction:column;justify-content:center}.k{color:var(--muted);font-size:12px;text-transform:uppercase;letter-spacing:.08em}.v{font-size:32px;font-weight:950;margin-top:12px;margin-bottom:4px;letter-spacing:-.04em}.sub,small{color:var(--muted)}.section{margin-top:12px}.toolbar{display:flex;gap:12px;flex-wrap:wrap;align-items:center;margin:12px 0} .input,select{background:rgba(255,255,255,.05);border:2px solid var(--line);color:var(--text);border-radius:16px;padding:14px 20px;min-height:52px;font-family:inherit;font-size:15px;transition:all 0.2s cubic-bezier(0.16,1,0.3,1);outline:none;width:auto;flex:1;min-width:130px;max-width:100%}.input:focus,select:focus{border-color:var(--green);box-shadow:0 0 0 4px rgba(34,199,124,0.15);background:rgba(0,0,0,0.3)}select{cursor:pointer}.input{min-width:190px}.row{display:flex;align-items:flex-start;justify-content:space-between;gap:12px;border-bottom:1px solid var(--line2);padding:8px 0}.row:last-child{border-bottom:0}.row span{text-align:right;color:var(--muted);overflow-wrap:anywhere}.scroll{overflow:auto}.mono,pre,code{font-family:ui-monospace,SFMono-Regular,Menlo,Consolas,monospace}table{width:100%;border-collapse:collapse;min-width:720px}th,td{text-align:left;border-bottom:1px solid var(--line2);padding:9px;color:var(--muted);vertical-align:top}th{color:var(--text);font-size:12px;text-transform:uppercase;letter-spacing:.06em}canvas{width:100%;height:230px;border:1px solid var(--line);border-radius:16px;background:#0b100d}.feed{display:grid;gap:12px;max-height:650px;overflow:auto;padding-right:3px}.event{border:1px solid var(--line);border-radius:16px;background:var(--surface2);padding:11px;cursor:pointer}.event:hover,.event.sel{border-color:rgba(34,199,124,.72);background:#17231b}.event .meta{display:flex;justify-content:space-between;gap:10px}.event b{color:var(--text)}pre{white-space:pre-wrap;overflow:auto;max-height:560px;background:#060907;border:1px solid var(--line);border-radius:16px;padding:13px;color:#d8efe1}.bar{height:10px;background:#0a100c;border:1px solid var(--line);border-radius:999px;overflow:hidden}.bar i{display:block;height:100%;background:linear-gradient(90deg,var(--green2),var(--green),var(--green3));width:0}.split{display:grid;grid-template-columns:minmax(320px,.9fr) minmax(0,1.35fr);gap:12px}.insightList{display:grid;gap:8px}.insight{border:1px solid var(--line2);border-radius:14px;padding:10px;background:rgba(255,255,255,.025)}.timeline{display:grid;grid-template-columns:repeat(4,1fr);gap:10px}.timeline .stage{text-align:center}.timeline b{display:block;margin-bottom:5px}.chips{display:flex;flex-wrap:wrap;gap:8px}.prompt{position:relative}.copy{position:absolute;right:10px;top:10px;padding:6px 8px;font-size:12px}.notice{position:fixed;right:16px;bottom:16px;z-index:70;max-width:560px;background:#0c120e;border:1px solid var(--line);border-radius:16px;padding:12px;box-shadow:var(--shadow);display:none}.notice.show{display:block}.mobileOverlay{display:none}.hidden{display:none!important}.compat{position:absolute;left:-9999px;width:1px;height:1px;overflow:hidden}.module-node{border-left:2px solid rgba(34,199,124,.45);padding-left:12px;margin:10px 0}@media(max-width:1'... 56056 more characters

    at file:///app/applet/test/app-clean-rebuild-v21-12-13.test.js:22:8
    at ModuleJob.run (node:internal/modules/esm/module_job:343:25)
    at async onImport.tracePromise.__proto__ (node:internal/modules/esm/loader:681:26)
    at async asyncRunEntryPointWithESMLoader (node:internal/modules/run_main:117:5) {
  generatedMessage: false,
  code: 'ERR_ASSERTION',
  actual: '<!doctype html>\n' +
    '<html lang="pt-BR">\n' +
    '<head>\n' +
    '<meta charset="utf-8">\n' +
    '<meta name="viewport" content="width=device-width,initial-scale=1,viewport-fit=cover">\n' +
    '<title>VALORAE Proxy Monitor · Cockpit Executivo</title>\n' +
    '<meta name="valorae-ui" content="executive-monitor-redesign compact-header">\n' +
    '<meta name="valorae-engine-version" content="21.12.0">\n' +
    '<meta name="valorae-compat-patch" content="21.12.24-efficiency-precision-ecosystem">\n' +
    '<meta name="valorae-latest-patch" content="21.12.31-monitor-experience-redesign">\n' +
    '<meta name="valorae-readiness-endpoint" content="/api/v1/release/readiness">\n' +
    '<meta name="valorae-ready-endpoint" content="/api/ready">\n' +
    '<meta name="theme-color" content="#0f3d2e">\n' +
    '<link rel="manifest" href="/manifest.webmanifest">\n' +
    '<style>\n' +
    ':root{--bg:#090d0b;--bg2:#0d130f;--surface:#111913;--surface2:#162019;--surface3:#1b261f;--line:#26362d;--line2:#1e2d25;--text:#edf7f0;--muted:#a0aca5;--faint:#718178;--green:#22c77c;--green2:#0d8d5b;--green3:#a7f36f;--warn:#f3c85a;--err:#ff7676;--info:#9bb8ff;--sidebar:268px;--top: 60px;--r:18px;--shadow:0 20px 52px rgba(0,0,0,.32)}*{box-sizing:border-box}html{scroll-behavior:smooth}body{margin:0;min-height:100vh;background:radial-gradient(circle at 10% -10%,rgba(34,199,124,.18),transparent 32%),radial-gradient(circle at 86% 12%,rgba(167,243,111,.07),transparent 28%),linear-gradient(150deg,#070a08,#101711 58%,#080b09);color:var(--text);font-family:Inter,ui-sans-serif,system-ui,-apple-system,Segoe UI,Roboto,Arial,sans-serif;font-size:14px}.top{position:sticky;top:0;z-index:40;height:var(--top);display:flex;align-items:center;gap:12px;padding:0 8px;background:rgba(9,13,11,.84);border-bottom:1px solid var(--line);backdrop-filter:blur(18px)}.hamburger{width:38px;height:38px;border:1px solid var(--line);border-radius:10px;background:var(--surface2);color:var(--text);display:flex;align-items:center;justify-content:center;font-size:20px;cursor:pointer;transition:all 0.25s cubic-bezier(0.16, 1, 0.3, 1)}.hamburger:hover{background:var(--surface3);transform:scale(1.05)}@media(min-width:1061px){.hamburger{display:none}}.brand{display:flex;align-items:center;gap:10px;min-width:0;flex:1}.logo{width:34px;height:34px;border-radius:13px;background:linear-gradient(135deg,#0f3d2e,#23c983 56%,#a7f36f);box-shadow:0 12px 34px rgba(35,201,131,.25);display:grid;place-items:center;color:#05110b;font-weight:950;letter-spacing:-.05em}.brand h1{font-size:14px;margin:0;line-height:1;font-weight:900;white-space:nowrap;overflow:hidden;text-overflow:ellipsis}.brand small{display:block;color:var(--muted);font-size:11px;margin-top:3px;white-space:nowrap}.topActions{margin-left:auto;display:flex;gap:7px;align-items:center}.btn{border:1px solid var(--line);background:var(--surface2);color:var(--text);padding:8px 14px;border-radius:10px;cursor:pointer;font-weight:600;font-size:13px;display:inline-flex;align-items:center;justify-content:center;transition:all 0.25s cubic-bezier(0.16,1,0.3,1);white-space:nowrap}.btn:hover{border-color:rgba(34,199,124,.65);transform:translateY(-2px);box-shadow:0 8px 16px rgba(0,0,0,0.3)}.btn:active{transform:translateY(0)}.btn.primary{background:linear-gradient(135deg,var(--green2),var(--green));color:#04100a;border:0;box-shadow:0 8px 24px rgba(34,199,124,0.3)}.pill,.badge{display:inline-flex;align-items:center;gap:6px;border:1px solid var(--line);border-radius:999px;padding:4px 8px;color:var(--muted);font-size:12px;background:rgba(255,255,255,.035);white-space:nowrap}.ok{color:var(--green)}.warn{color:var(--warn)}.err{color:var(--err)}.info{color:var(--info)}.layout{display:grid;grid-template-columns:var(--sidebar) minmax(0,1fr);min-height:calc(100vh - var(--top))}.drawer{padding:8px;background:var(--bg2);border-right:1px solid var(--line);height:calc(100vh - var(--top));overflow-y:auto;overscroll-behavior:contain;}.drawerHead{border:1px solid var(--line);border-radius:18px;background:linear-gradient(135deg,rgba(34,199,124,.1),rgba(255,255,255,.025));padding:13px;margin-bottom:12px}.drawerHead b{display:block}.drawerHead small{line-height:1.4}.drawer h2{font-size:11px;text-transform:uppercase;letter-spacing:.14em;color:var(--faint);margin:16px 9px 7px}.nav button{width:100%;display:flex;align-items:center;gap:12px;text-align:left;margin:6px 0;padding:12px 14px;border:1px solid transparent;border-radius:14px;font-size:15px;transition:0.2s;color:var(--muted);background:transparent;cursor:pointer}.nav button:hover,.nav button.active{background:linear-gradient(90deg,rgba(34,199,124,.14),rgba(255,255,255,.035));border-color:var(--line);color:var(--text)}.nav .ico{width:24px;text-align:center}.content{padding:12px 6px;min-width:0;max-width:1720px;width:100%;margin:0 auto}.page{display:none;animation:fade .18s ease}.page.active{display:block}@keyframes fade{from{opacity:0;transform:translateY(12px)}} @keyframes slideUp{from{opacity:0;transform:translateY(16px)}to{opacity:1;transform:translateY(0)}} .card, .stage, .explain, .event, .insight, .hero { animation: slideUp 0.6s cubic-bezier(0.16, 1, 0.3, 1) both; } .card:nth-child(1){animation-delay: 0.05s} .card:nth-child(2){animation-delay: 0.1s} .card:nth-child(3){animation-delay: 0.15s} .card:nth-child(4){animation-delay: 0.2s} .event:nth-child(2){animation-delay: 0.05s} .event:nth-child(3){animation-delay: 0.1s} .event:nth-child(4){animation-delay: 0.15s}.hero{border:1px solid var(--line);border-radius:24px;padding:18px;background:linear-gradient(135deg,rgba(34,199,124,.13),rgba(255,255,255,.035));box-shadow:var(--shadow);margin-bottom:12px}.hero.compact{display:grid;grid-template-columns:minmax(0,1fr) auto;gap:14px;align-items:center}.hero h2{margin:0 0 6px;font-size:25px;letter-spacing:-.03em}.hero p{margin:0;color:var(--muted);max-width:960px;line-height:1.55}.pageTools{display:flex;gap:12px;flex-wrap:wrap;justify-content:flex-end}.explain-grid{display:grid;grid-template-columns:repeat(2,minmax(0,1fr));gap:10px;margin:12px 0}.explain{border:1px solid var(--line);border-radius:17px;background:rgba(255,255,255,.035);padding:13px}.explain h3,.card h3{margin:0 0 8px;font-size:15px}.explain p{margin:0;color:var(--muted);line-height:1.5}.grid{display:grid;gap:16px}.g2{grid-template-columns:repeat(2,minmax(0,1fr))}.g3{grid-template-columns:repeat(3,minmax(0,1fr))}.g4{grid-template-columns:repeat(4,minmax(0,1fr))}.span2{grid-column:span 2}.card,.stage{transition:transform 0.3s cubic-bezier(0.16, 1, 0.3, 1),box-shadow 0.3s ease;border:1px solid var(--line);border-radius:20px;background:linear-gradient(180deg,var(--surface2),var(--surface));padding:22px;box-shadow:0 12px 28px rgba(0,0,0,.16)}.card:hover,.stage:hover{transform:translateY(-8px);box-shadow:0 24px 48px rgba(0,0,0,0.4);border-color:rgba(34,199,124,0.4);z-index:2;position:relative}.card.soft{background:var(--surface3)}.metric{min-height:160px;display:flex;flex-direction:column;justify-content:center}.k{color:var(--muted);font-size:12px;text-transform:uppercase;letter-spacing:.08em}.v{font-size:32px;font-weight:950;margin-top:12px;margin-bottom:4px;letter-spacing:-.04em}.sub,small{color:var(--muted)}.section{margin-top:12px}.toolbar{display:flex;gap:12px;flex-wrap:wrap;align-items:center;margin:12px 0} .input,select{background:rgba(255,255,255,.05);border:2px solid var(--line);color:var(--text);border-radius:16px;padding:14px 20px;min-height:52px;font-family:inherit;font-size:15px;transition:all 0.2s cubic-bezier(0.16,1,0.3,1);outline:none;width:auto;flex:1;min-width:130px;max-width:100%}.input:focus,select:focus{border-color:var(--green);box-shadow:0 0 0 4px rgba(34,199,124,0.15);background:rgba(0,0,0,0.3)}select{cursor:pointer}.input{min-width:190px}.row{display:flex;align-items:flex-start;justify-content:space-between;gap:12px;border-bottom:1px solid var(--line2);padding:8px 0}.row:last-child{border-bottom:0}.row span{text-align:right;color:var(--muted);overflow-wrap:anywhere}.scroll{overflow:auto}.mono,pre,code{font-family:ui-monospace,SFMono-Regular,Menlo,Consolas,monospace}table{width:100%;border-collapse:collapse;min-width:720px}th,td{text-align:left;border-bottom:1px solid var(--line2);padding:9px;color:var(--muted);vertical-align:top}th{color:var(--text);font-size:12px;text-transform:uppercase;letter-spacing:.06em}canvas{width:100%;height:230px;border:1px solid var(--line);border-radius:16px;background:#0b100d}.feed{display:grid;gap:12px;max-height:650px;overflow:auto;padding-right:3px}.event{border:1px solid var(--line);border-radius:16px;background:var(--surface2);padding:11px;cursor:pointer}.event:hover,.event.sel{border-color:rgba(34,199,124,.72);background:#17231b}.event .meta{display:flex;justify-content:space-between;gap:10px}.event b{color:var(--text)}pre{white-space:pre-wrap;overflow:auto;max-height:560px;background:#060907;border:1px solid var(--line);border-radius:16px;padding:13px;color:#d8efe1}.bar{height:10px;background:#0a100c;border:1px solid var(--line);border-radius:999px;overflow:hidden}.bar i{display:block;height:100%;background:linear-gradient(90deg,var(--green2),var(--green),var(--green3));width:0}.split{display:grid;grid-template-columns:minmax(320px,.9fr) minmax(0,1.35fr);gap:12px}.insightList{display:grid;gap:8px}.insight{border:1px solid var(--line2);border-radius:14px;padding:10px;background:rgba(255,255,255,.025)}.timeline{display:grid;grid-template-columns:repeat(4,1fr);gap:10px}.timeline .stage{text-align:center}.timeline b{display:block;margin-bottom:5px}.chips{display:flex;flex-wrap:wrap;gap:8px}.prompt{position:relative}.copy{position:absolute;right:10px;top:10px;padding:6px 8px;font-size:12px}.notice{position:fixed;right:16px;bottom:16px;z-index:70;max-width:560px;background:#0c120e;border:1px solid var(--line);border-radius:16px;padding:12px;box-shadow:var(--shadow);display:none}.notice.show{display:block}.mobileOverlay{display:none}.hidden{display:none!important}.compat{position:absolute;left:-9999px;width:1px;height:1px;overflow:hidden}.module-node{border-left:2px solid rgba(34,199,124,.45);padding-left:12px;margin:10px 0}@media(max-width:1'... 56070 more characters,
  expected: '<!doctype html>\n' +
    '<html lang="pt-BR">\n' +
    '<head>\n' +
    '<meta charset="utf-8">\n' +
    '<meta name="viewport" content="width=device-width,initial-scale=1,viewport-fit=cover">\n' +
    '<title>VALORAE Proxy Monitor · Cockpit Executivo</title>\n' +
    '<meta name="valorae-ui" content="executive-monitor-redesign compact-header">\n' +
    '<meta name="valorae-engine-version" content="21.12.0">\n' +
    '<meta name="valorae-compat-patch" content="21.12.24-efficiency-precision-ecosystem">\n' +
    '<meta name="valorae-latest-patch" content="21.12.31-monitor-experience-redesign">\n' +
    '<meta name="valorae-readiness-endpoint" content="/api/v1/release/readiness">\n' +
    '<meta name="valorae-ready-endpoint" content="/api/ready">\n' +
    '<meta name="theme-color" content="#0f3d2e">\n' +
    '<link rel="manifest" href="/manifest.webmanifest">\n' +
    '<style>\n' +
    ':root{--bg:#090d0b;--bg2:#0d130f;--surface:#111913;--surface2:#162019;--surface3:#1b261f;--line:#26362d;--line2:#1e2d25;--text:#edf7f0;--muted:#a0aca5;--faint:#718178;--green:#22c77c;--green2:#0d8d5b;--green3:#a7f36f;--warn:#f3c85a;--err:#ff7676;--info:#9bb8ff;--sidebar:268px;--top: 60px;--r:18px;--shadow:0 20px 52px rgba(0,0,0,.32)}*{box-sizing:border-box}html{scroll-behavior:smooth}body{margin:0;min-height:100vh;background:radial-gradient(circle at 10% -10%,rgba(34,199,124,.18),transparent 32%),radial-gradient(circle at 86% 12%,rgba(167,243,111,.07),transparent 28%),linear-gradient(150deg,#070a08,#101711 58%,#080b09);color:var(--text);font-family:Inter,ui-sans-serif,system-ui,-apple-system,Segoe UI,Roboto,Arial,sans-serif;font-size:14px}.top{position:sticky;top:0;z-index:40;height:var(--top);display:flex;align-items:center;gap:12px;padding:0 8px;background:rgba(9,13,11,.84);border-bottom:1px solid var(--line);backdrop-filter:blur(18px)}.hamburger{width:38px;height:38px;border:1px solid var(--line);border-radius:10px;background:var(--surface2);color:var(--text);display:flex;align-items:center;justify-content:center;font-size:20px;cursor:pointer;transition:all 0.25s cubic-bezier(0.16, 1, 0.3, 1)}.hamburger:hover{background:var(--surface3);transform:scale(1.05)}@media(min-width:1061px){.hamburger{display:none}}.brand{display:flex;align-items:center;gap:10px;min-width:0;flex:1}.logo{width:34px;height:34px;border-radius:13px;background:linear-gradient(135deg,#0f3d2e,#23c983 56%,#a7f36f);box-shadow:0 12px 34px rgba(35,201,131,.25);display:grid;place-items:center;color:#05110b;font-weight:950;letter-spacing:-.05em}.brand h1{font-size:14px;margin:0;line-height:1;font-weight:900;white-space:nowrap;overflow:hidden;text-overflow:ellipsis}.brand small{display:block;color:var(--muted);font-size:11px;margin-top:3px;white-space:nowrap}.topActions{margin-left:auto;display:flex;gap:7px;align-items:center}.btn{border:1px solid var(--line);background:var(--surface2);color:var(--text);padding:8px 14px;border-radius:10px;cursor:pointer;font-weight:600;font-size:13px;display:inline-flex;align-items:center;justify-content:center;transition:all 0.25s cubic-bezier(0.16,1,0.3,1);white-space:nowrap}.btn:hover{border-color:rgba(34,199,124,.65);transform:translateY(-2px);box-shadow:0 8px 16px rgba(0,0,0,0.3)}.btn:active{transform:translateY(0)}.btn.primary{background:linear-gradient(135deg,var(--green2),var(--green));color:#04100a;border:0;box-shadow:0 8px 24px rgba(34,199,124,0.3)}.pill,.badge{display:inline-flex;align-items:center;gap:6px;border:1px solid var(--line);border-radius:999px;padding:4px 8px;color:var(--muted);font-size:12px;background:rgba(255,255,255,.035);white-space:nowrap}.ok{color:var(--green)}.warn{color:var(--warn)}.err{color:var(--err)}.info{color:var(--info)}.layout{display:grid;grid-template-columns:var(--sidebar) minmax(0,1fr);min-height:calc(100vh - var(--top))}.drawer{padding:8px;background:var(--bg2);border-right:1px solid var(--line);height:calc(100vh - var(--top));overflow-y:auto;overscroll-behavior:contain;}.drawerHead{border:1px solid var(--line);border-radius:18px;background:linear-gradient(135deg,rgba(34,199,124,.1),rgba(255,255,255,.025));padding:13px;margin-bottom:12px}.drawerHead b{display:block}.drawerHead small{line-height:1.4}.drawer h2{font-size:11px;text-transform:uppercase;letter-spacing:.14em;color:var(--faint);margin:16px 9px 7px}.nav button{width:100%;display:flex;align-items:center;gap:12px;text-align:left;margin:6px 0;padding:12px 14px;border:1px solid transparent;border-radius:14px;font-size:15px;transition:0.2s;color:var(--muted);background:transparent;cursor:pointer}.nav button:hover,.nav button.active{background:linear-gradient(90deg,rgba(34,199,124,.14),rgba(255,255,255,.035));border-color:var(--line);color:var(--text)}.nav .ico{width:24px;text-align:center}.content{padding:12px 6px;min-width:0;max-width:1720px;width:100%;margin:0 auto}.page{display:none;animation:fade .18s ease}.page.active{display:block}@keyframes fade{from{opacity:0;transform:translateY(12px)}} @keyframes slideUp{from{opacity:0;transform:translateY(16px)}to{opacity:1;transform:translateY(0)}} .card, .stage, .explain, .event, .insight, .hero { animation: slideUp 0.6s cubic-bezier(0.16, 1, 0.3, 1) both; } .card:nth-child(1){animation-delay: 0.05s} .card:nth-child(2){animation-delay: 0.1s} .card:nth-child(3){animation-delay: 0.15s} .card:nth-child(4){animation-delay: 0.2s} .event:nth-child(2){animation-delay: 0.05s} .event:nth-child(3){animation-delay: 0.1s} .event:nth-child(4){animation-delay: 0.15s}.hero{border:1px solid var(--line);border-radius:24px;padding:18px;background:linear-gradient(135deg,rgba(34,199,124,.13),rgba(255,255,255,.035));box-shadow:var(--shadow);margin-bottom:12px}.hero.compact{display:grid;grid-template-columns:minmax(0,1fr) auto;gap:14px;align-items:center}.hero h2{margin:0 0 6px;font-size:25px;letter-spacing:-.03em}.hero p{margin:0;color:var(--muted);max-width:960px;line-height:1.55}.pageTools{display:flex;gap:12px;flex-wrap:wrap;justify-content:flex-end}.explain-grid{display:grid;grid-template-columns:repeat(2,minmax(0,1fr));gap:10px;margin:12px 0}.explain{border:1px solid var(--line);border-radius:17px;background:rgba(255,255,255,.035);padding:13px}.explain h3,.card h3{margin:0 0 8px;font-size:15px}.explain p{margin:0;color:var(--muted);line-height:1.5}.grid{display:grid;gap:16px}.g2{grid-template-columns:repeat(2,minmax(0,1fr))}.g3{grid-template-columns:repeat(3,minmax(0,1fr))}.g4{grid-template-columns:repeat(4,minmax(0,1fr))}.span2{grid-column:span 2}.card,.stage{transition:transform 0.3s cubic-bezier(0.16, 1, 0.3, 1),box-shadow 0.3s ease;border:1px solid var(--line);border-radius:20px;background:linear-gradient(180deg,var(--surface2),var(--surface));padding:22px;box-shadow:0 12px 28px rgba(0,0,0,.16)}.card:hover,.stage:hover{transform:translateY(-8px);box-shadow:0 24px 48px rgba(0,0,0,0.4);border-color:rgba(34,199,124,0.4);z-index:2;position:relative}.card.soft{background:var(--surface3)}.metric{min-height:160px;display:flex;flex-direction:column;justify-content:center}.k{color:var(--muted);font-size:12px;text-transform:uppercase;letter-spacing:.08em}.v{font-size:32px;font-weight:950;margin-top:12px;margin-bottom:4px;letter-spacing:-.04em}.sub,small{color:var(--muted)}.section{margin-top:12px}.toolbar{display:flex;gap:12px;flex-wrap:wrap;align-items:center;margin:12px 0} .input,select{background:rgba(255,255,255,.05);border:2px solid var(--line);color:var(--text);border-radius:16px;padding:14px 20px;min-height:52px;font-family:inherit;font-size:15px;transition:all 0.2s cubic-bezier(0.16,1,0.3,1);outline:none;width:auto;flex:1;min-width:130px;max-width:100%}.input:focus,select:focus{border-color:var(--green);box-shadow:0 0 0 4px rgba(34,199,124,0.15);background:rgba(0,0,0,0.3)}select{cursor:pointer}.input{min-width:190px}.row{display:flex;align-items:flex-start;justify-content:space-between;gap:12px;border-bottom:1px solid var(--line2);padding:8px 0}.row:last-child{border-bottom:0}.row span{text-align:right;color:var(--muted);overflow-wrap:anywhere}.scroll{overflow:auto}.mono,pre,code{font-family:ui-monospace,SFMono-Regular,Menlo,Consolas,monospace}table{width:100%;border-collapse:collapse;min-width:720px}th,td{text-align:left;border-bottom:1px solid var(--line2);padding:9px;color:var(--muted);vertical-align:top}th{color:var(--text);font-size:12px;text-transform:uppercase;letter-spacing:.06em}canvas{width:100%;height:230px;border:1px solid var(--line);border-radius:16px;background:#0b100d}.feed{display:grid;gap:12px;max-height:650px;overflow:auto;padding-right:3px}.event{border:1px solid var(--line);border-radius:16px;background:var(--surface2);padding:11px;cursor:pointer}.event:hover,.event.sel{border-color:rgba(34,199,124,.72);background:#17231b}.event .meta{display:flex;justify-content:space-between;gap:10px}.event b{color:var(--text)}pre{white-space:pre-wrap;overflow:auto;max-height:560px;background:#060907;border:1px solid var(--line);border-radius:16px;padding:13px;color:#d8efe1}.bar{height:10px;background:#0a100c;border:1px solid var(--line);border-radius:999px;overflow:hidden}.bar i{display:block;height:100%;background:linear-gradient(90deg,var(--green2),var(--green),var(--green3));width:0}.split{display:grid;grid-template-columns:minmax(320px,.9fr) minmax(0,1.35fr);gap:12px}.insightList{display:grid;gap:8px}.insight{border:1px solid var(--line2);border-radius:14px;padding:10px;background:rgba(255,255,255,.025)}.timeline{display:grid;grid-template-columns:repeat(4,1fr);gap:10px}.timeline .stage{text-align:center}.timeline b{display:block;margin-bottom:5px}.chips{display:flex;flex-wrap:wrap;gap:8px}.prompt{position:relative}.copy{position:absolute;right:10px;top:10px;padding:6px 8px;font-size:12px}.notice{position:fixed;right:16px;bottom:16px;z-index:70;max-width:560px;background:#0c120e;border:1px solid var(--line);border-radius:16px;padding:12px;box-shadow:var(--shadow);display:none}.notice.show{display:block}.mobileOverlay{display:none}.hidden{display:none!important}.compat{position:absolute;left:-9999px;width:1px;height:1px;overflow:hidden}.module-node{border-left:2px solid rgba(34,199,124,.45);padding-left:12px;margin:10px 0}@media(max-width:1'... 56056 more characters,
  operator: 'strictEqual',
  diff: 'simple'
}

Node.js v22.22.3
